// Jest Snapshot v1, https://goo.gl/fbAQLP

exports[`<TitleAndPrevNext> スナップショット テスト 1`] = `
<DocumentFragment>
  <div
    class="TitleAndPrevNext-calNav-1"
  >
    <button
      class="MuiButtonBase-root MuiIconButton-root MuiIconButton-sizeSmall"
      tabindex="0"
      type="button"
    >
      <span
        class="MuiIconButton-label"
      >
        <svg
          aria-hidden="true"
          class="MuiSvgIcon-root"
          focusable="false"
          viewBox="0 0 24 24"
        >
          <path
            d="M15.41 16.59L10.83 12l4.58-4.59L14 6l-6 6 6 6 1.41-1.41z"
          />
        </svg>
      </span>
      <span
        class="MuiTouchRipple-root"
      />
    </button>
    <p
      class="MuiTypography-root MuiTypography-body1"
    >
      2021 
      <span
        class="TitleAndPrevNext-calNavJweek-2"
      >
        (令和3年)
      </span>
       / 07
    </p>
    <button
      class="MuiButtonBase-root MuiIconButton-root MuiIconButton-sizeSmall"
      tabindex="0"
      type="button"
    >
      <span
        class="MuiIconButton-label"
      >
        <svg
          aria-hidden="true"
          class="MuiSvgIcon-root"
          focusable="false"
          viewBox="0 0 24 24"
        >
          <path
            d="M8.59 16.59L13.17 12 8.59 7.41 10 6l6 6-6 6-1.41-1.41z"
          />
        </svg>
      </span>
      <span
        class="MuiTouchRipple-root"
      />
    </button>
  </div>
</DocumentFragment>
`;
